Fix one failure found during pnpm verify:frontend --
 FAIL  src/components/domain/cooking/cooking-mode-shell.test.tsx > CookingModeShell — leave-page warning bypass > bypasses the browser leave warning after 'End early'
AssertionError: expected true to be false // Object.is equality

- Expected
+ Received

- false
+ true

 ❯ src/components/domain/cooking/cooking-mode-shell.test.tsx:942:36
    940|       expect(push).toHaveBeenCalledWith("/cook/session-1/review"),
    941|     );
    942|     expect(dispatchBeforeUnload()).toBe(false);
       |                                    ^
    943|   });
    944|

Fix one failure found during pnpm verify:e2e-built --

    Test timeout of 20000ms exceeded.

    Error: locator.click: Test timeout of 20000ms exceeded.
    Call log:
      - waiting for getByRole('dialog', { name: 'Add meal' }).getByRole('radio', { name: 'Schedule Test Bowl 1789674781701' })


      121 |       .getByPlaceholder("Search your Recipes and Parts…")
      122 |       .fill(recipeTitle);
    > 123 |     await addMealDialog.getByRole("radio", { name: recipeTitle }).click();
          |                                                                   ^
      124 |     await addMealDialog
      125 |       .getByRole("button", { name: "Add meal", exact: true })
      126 |       .click();
        at /Users/jaredryan/Desktop/coding-projects/DishFrame/tests/e2e/meal-plan-ui.spec.ts:123:67

    Error Context: test-results/meal-plan-ui-Meal-Plan-UI--b864b--via-Add-plan-groups-by-day-chromium/error-context.md

  1 failed
    [chromium] › tests/e2e/meal-plan-ui.spec.ts:92:7 › Meal Plan UI › Create meal plan defaults, adding a meal, and scheduling it via Add plan groups by day 
